// Jest Snapshot v1, https://goo.gl/fbAQLP

exports[`Products component newer should match the snapshot 1`] = `
<div
  className="Products__ProductsContainer-sc-1itopdo-0 cQRWsy"
>
  <div
    className="Product__ProductContainer-ih45b-0 jFzYkH"
    onClick={[Function]}
    onMouseEnter={[Function]}
  >
    <div
      className="prodImg"
    />
    <div
      className="prodInfoContainer"
    >
      <span
        className="prodShortLabel"
      >
        DANVOUY Womens T Shirt Casual Cotton Short
      </span>
      <span
        className="prodPrice"
      >
        R$ 
        12.99
      </span>
      <a
        className="BuyButton__BuyButtonContainer-sc-1fz6kqp-0 XtTgO"
      >
        Ver Produto
      </a>
    </div>
  </div>
  <div
    className="Product__ProductContainer-ih45b-0 jGnWRg"
    onClick={[Function]}
    onMouseEnter={[Function]}
  >
    <div
      className="prodImg"
    />
    <div
      className="prodInfoContainer"
    >
      <span
        className="prodShortLabel"
      >
        Opna Women's Short Sleeve Moisture
      </span>
      <span
        className="prodPrice"
      >
        R$ 
        7.95
      </span>
      <a
        className="BuyButton__BuyButtonContainer-sc-1fz6kqp-0 XtTgO"
      >
        Ver Produto
      </a>
    </div>
  </div>
  <div
    className="Product__ProductContainer-ih45b-0 IwpDE"
    onClick={[Function]}
    onMouseEnter={[Function]}
  >
    <div
      className="prodImg"
    />
    <div
      className="prodInfoContainer"
    >
      <span
        className="prodShortLabel"
      >
        MBJ Women's Solid Short Sleeve Boat Neck V 
      </span>
      <span
        className="prodPrice"
      >
        R$ 
        9.85
      </span>
      <a
        className="BuyButton__BuyButtonContainer-sc-1fz6kqp-0 XtTgO"
      >
        Ver Produto
      </a>
    </div>
  </div>
  <div
    className="Product__ProductContainer-ih45b-0 dYcLzK"
    onClick={[Function]}
    onMouseEnter={[Function]}
  >
    <div
      className="prodImg"
    />
    <div
      className="prodInfoContainer"
    >
      <span
        className="prodShortLabel"
      >
        Rain Jacket Women Windbreaker Striped Climbing Raincoats
      </span>
      <span
        className="prodPrice"
      >
        R$ 
        39.99
      </span>
      <a
        className="BuyButton__BuyButtonContainer-sc-1fz6kqp-0 XtTgO"
      >
        Ver Produto
      </a>
    </div>
  </div>
  <div
    className="Product__ProductContainer-ih45b-0 ipLHab"
    onClick={[Function]}
    onMouseEnter={[Function]}
  >
    <div
      className="prodImg"
    />
    <div
      className="prodInfoContainer"
    >
      <span
        className="prodShortLabel"
      >
        Lock and Love Women's Removable Hooded Faux Leather Moto Biker Ja...
      </span>
      <span
        className="prodPrice"
      >
        R$ 
        29.95
      </span>
      <a
        className="BuyButton__BuyButtonContainer-sc-1fz6kqp-0 XtTgO"
      >
        Ver Produto
      </a>
    </div>
  </div>
  <div
    className="Product__ProductContainer-ih45b-0 ioLRXx"
    onClick={[Function]}
    onMouseEnter={[Function]}
  >
    <div
      className="prodImg"
    />
    <div
      className="prodInfoContainer"
    >
      <span
        className="prodShortLabel"
      >
        BIYLACLESEN Women's 3-in-1 Snowboard Jacket Winter Coats
      </span>
      <span
        className="prodPrice"
      >
        R$ 
        56.99
      </span>
      <a
        className="BuyButton__BuyButtonContainer-sc-1fz6kqp-0 XtTgO"
      >
        Ver Produto
      </a>
    </div>
  </div>
  <div
    className="Product__ProductContainer-ih45b-0 fYomlo"
    onClick={[Function]}
    onMouseEnter={[Function]}
  >
    <div
      className="prodImg"
    />
    <div
      className="prodInfoContainer"
    >
      <span
        className="prodShortLabel"
      >
        Samsung 49-Inch CHG90 144Hz Curved Gaming Monitor (LC49HG90DMNXZA...
      </span>
      <span
        className="prodPrice"
      >
        R$ 
        999.99
      </span>
      <a
        className="BuyButton__BuyButtonContainer-sc-1fz6kqp-0 XtTgO"
      >
        Ver Produto
      </a>
    </div>
  </div>
  <div
    className="Product__ProductContainer-ih45b-0 iLUnCv"
    onClick={[Function]}
    onMouseEnter={[Function]}
  >
    <div
      className="prodImg"
    />
    <div
      className="prodInfoContainer"
    >
      <span
        className="prodShortLabel"
      >
        Acer SB220Q bi 21.5 inches Full HD (1920 x 1080) IPS Ultra-Thin
      </span>
      <span
        className="prodPrice"
      >
        R$ 
        599.00
      </span>
      <a
        className="BuyButton__BuyButtonContainer-sc-1fz6kqp-0 XtTgO"
      >
        Ver Produto
      </a>
    </div>
  </div>
  <div
    className="Product__ProductContainer-ih45b-0 huyKpF"
    onClick={[Function]}
    onMouseEnter={[Function]}
  >
    <div
      className="prodImg"
    />
    <div
      className="prodInfoContainer"
    >
      <span
        className="prodShortLabel"
      >
        WD 4TB Gaming Drive Works with Playstation 4 Portable External Ha...
      </span>
      <span
        className="prodPrice"
      >
        R$ 
        114.00
      </span>
      <a
        className="BuyButton__BuyButtonContainer-sc-1fz6kqp-0 XtTgO"
      >
        Ver Produto
      </a>
    </div>
  </div>
  <div
    className="Product__ProductContainer-ih45b-0 lftYPQ"
    onClick={[Function]}
    onMouseEnter={[Function]}
  >
    <div
      className="prodImg"
    />
    <div
      className="prodInfoContainer"
    >
      <span
        className="prodShortLabel"
      >
        Silicon Power 256GB SSD 3D NAND A55 SLC Cache Performance Boost S...
      </span>
      <span
        className="prodPrice"
      >
        R$ 
        109.00
      </span>
      <a
        className="BuyButton__BuyButtonContainer-sc-1fz6kqp-0 XtTgO"
      >
        Ver Produto
      </a>
    </div>
  </div>
  <div
    className="Product__ProductContainer-ih45b-0 iRmchH"
    onClick={[Function]}
    onMouseEnter={[Function]}
  >
    <div
      className="prodImg"
    />
    <div
      className="prodInfoContainer"
    >
      <span
        className="prodShortLabel"
      >
        SanDisk SSD PLUS 1TB Internal SSD - SATA III 6 Gb/s
      </span>
      <span
        className="prodPrice"
      >
        R$ 
        109.00
      </span>
      <a
        className="BuyButton__BuyButtonContainer-sc-1fz6kqp-0 XtTgO"
      >
        Ver Produto
      </a>
    </div>
  </div>
  <div
    className="Product__ProductContainer-ih45b-0 dlkOsT"
    onClick={[Function]}
    onMouseEnter={[Function]}
  >
    <div
      className="prodImg"
    />
    <div
      className="prodInfoContainer"
    >
      <span
        className="prodShortLabel"
      >
        WD 2TB Elements Portable External Hard Drive - USB 3.0 
      </span>
      <span
        className="prodPrice"
      >
        R$ 
        64.00
      </span>
      <a
        className="BuyButton__BuyButtonContainer-sc-1fz6kqp-0 XtTgO"
      >
        Ver Produto
      </a>
    </div>
  </div>
  <div
    className="Product__ProductContainer-ih45b-0 jEuIko"
    onClick={[Function]}
    onMouseEnter={[Function]}
  >
    <div
      className="prodImg"
    />
    <div
      className="prodInfoContainer"
    >
      <span
        className="prodShortLabel"
      >
        Pierced Owl Rose Gold Plated Stainless Steel Double
      </span>
      <span
        className="prodPrice"
      >
        R$ 
        10.99
      </span>
      <a
        className="BuyButton__BuyButtonContainer-sc-1fz6kqp-0 XtTgO"
      >
        Ver Produto
      </a>
    </div>
  </div>
  <div
    className="Product__ProductContainer-ih45b-0 dohCbi"
    onClick={[Function]}
    onMouseEnter={[Function]}
  >
    <div
      className="prodImg"
    />
    <div
      className="prodInfoContainer"
    >
      <span
        className="prodShortLabel"
      >
        White Gold Plated Princess
      </span>
      <span
        className="prodPrice"
      >
        R$ 
        9.99
      </span>
      <a
        className="BuyButton__BuyButtonContainer-sc-1fz6kqp-0 XtTgO"
      >
        Ver Produto
      </a>
    </div>
  </div>
  <div
    className="Product__ProductContainer-ih45b-0 bezwcu"
    onClick={[Function]}
    onMouseEnter={[Function]}
  >
    <div
      className="prodImg"
    />
    <div
      className="prodInfoContainer"
    >
      <span
        className="prodShortLabel"
      >
        Solid Gold Petite Micropave 
      </span>
      <span
        className="prodPrice"
      >
        R$ 
        168.00
      </span>
      <a
        className="BuyButton__BuyButtonContainer-sc-1fz6kqp-0 XtTgO"
      >
        Ver Produto
      </a>
    </div>
  </div>
  <div
    className="Product__ProductContainer-ih45b-0 dlSzSz"
    onClick={[Function]}
    onMouseEnter={[Function]}
  >
    <div
      className="prodImg"
    />
    <div
      className="prodInfoContainer"
    >
      <span
        className="prodShortLabel"
      >
        John Hardy Women's Legends Naga Gold & Silver Dragon Station Chai...
      </span>
      <span
        className="prodPrice"
      >
        R$ 
        695.00
      </span>
      <a
        className="BuyButton__BuyButtonContainer-sc-1fz6kqp-0 XtTgO"
      >
        Ver Produto
      </a>
    </div>
  </div>
  <div
    className="Product__ProductContainer-ih45b-0 kmdYcv"
    onClick={[Function]}
    onMouseEnter={[Function]}
  >
    <div
      className="prodImg"
    />
    <div
      className="prodInfoContainer"
    >
      <span
        className="prodShortLabel"
      >
        Mens Cotton Jacket
      </span>
      <span
        className="prodPrice"
      >
        R$ 
        15.99
      </span>
      <a
        className="BuyButton__BuyButtonContainer-sc-1fz6kqp-0 XtTgO"
      >
        Ver Produto
      </a>
    </div>
  </div>
  <div
    className="Product__ProductContainer-ih45b-0 iczRBy"
    onClick={[Function]}
    onMouseEnter={[Function]}
  >
    <div
      className="prodImg"
    />
    <div
      className="prodInfoContainer"
    >
      <span
        className="prodShortLabel"
      >
        Mens Casual Premium Slim Fit T-Shirts 
      </span>
      <span
        className="prodPrice"
      >
        R$ 
        22.30
      </span>
      <a
        className="BuyButton__BuyButtonContainer-sc-1fz6kqp-0 XtTgO"
      >
        Ver Produto
      </a>
    </div>
  </div>
  <div
    className="Product__ProductContainer-ih45b-0 lfaRth"
    onClick={[Function]}
    onMouseEnter={[Function]}
  >
    <div
      className="prodImg"
    />
    <div
      className="prodInfoContainer"
    >
      <span
        className="prodShortLabel"
      >
        Mens Cotton Jacket
      </span>
      <span
        className="prodPrice"
      >
        R$ 
        55.99
      </span>
      <a
        className="BuyButton__BuyButtonContainer-sc-1fz6kqp-0 XtTgO"
      >
        Ver Produto
      </a>
    </div>
  </div>
  <div
    className="Product__ProductContainer-ih45b-0 dAlTtk"
    onClick={[Function]}
    onMouseEnter={[Function]}
  >
    <div
      className="prodImg"
    />
    <div
      className="prodInfoContainer"
    >
      <span
        className="prodShortLabel"
      >
        Fjallraven - Foldsack No. 1 Backpack, Fits 15 Laptops
      </span>
      <span
        className="prodPrice"
      >
        R$ 
        55.99
      </span>
      <a
        className="BuyButton__BuyButtonContainer-sc-1fz6kqp-0 XtTgO"
      >
        Ver Produto
      </a>
    </div>
  </div>
</div>
`;
