// Jest Snapshot v1, https://goo.gl/fbAQLP

exports[`Products component newer should match the snapshot 1`] = `
<div
  className="Products__ProductsContainer-sc-1itopdo-0 cQRWsy"
>
  <div
    className="Product__ProductContainer-ih45b-0 kmyaJo"
    onClick={[Function]}
    onMouseEnter={[Function]}
  >
    <div
      className="prodImg"
    />
    <div
      className="prodInfoContainer"
    >
      <span
        className="prodShortLabel"
      >
        20
         -
        DANVOUY Womens T Shirt Casual Cotton Short
      </span>
      <span
        className="prodPrice"
      >
        R$ 
        12.99
      </span>
      <a
        className="BuyButton__BuyButtonContainer-sc-1fz6kqp-0 XtTgO"
      >
        Ver Produto
      </a>
    </div>
  </div>
  <div
    className="Product__ProductContainer-ih45b-0 fehIKr"
    onClick={[Function]}
    onMouseEnter={[Function]}
  >
    <div
      className="prodImg"
    />
    <div
      className="prodInfoContainer"
    >
      <span
        className="prodShortLabel"
      >
        19
         -
        Opna Women's Short Sleeve Moisture
      </span>
      <span
        className="prodPrice"
      >
        R$ 
        7.95
      </span>
      <a
        className="BuyButton__BuyButtonContainer-sc-1fz6kqp-0 XtTgO"
      >
        Ver Produto
      </a>
    </div>
  </div>
  <div
    className="Product__ProductContainer-ih45b-0 kwGNab"
    onClick={[Function]}
    onMouseEnter={[Function]}
  >
    <div
      className="prodImg"
    />
    <div
      className="prodInfoContainer"
    >
      <span
        className="prodShortLabel"
      >
        18
         -
        MBJ Women's Solid Short Sleeve Boat Neck V 
      </span>
      <span
        className="prodPrice"
      >
        R$ 
        9.85
      </span>
      <a
        className="BuyButton__BuyButtonContainer-sc-1fz6kqp-0 XtTgO"
      >
        Ver Produto
      </a>
    </div>
  </div>
  <div
    className="Product__ProductContainer-ih45b-0 dFmGDN"
    onClick={[Function]}
    onMouseEnter={[Function]}
  >
    <div
      className="prodImg"
    />
    <div
      className="prodInfoContainer"
    >
      <span
        className="prodShortLabel"
      >
        17
         -
        Rain Jacket Women Windbreaker Striped Climbing Raincoats
      </span>
      <span
        className="prodPrice"
      >
        R$ 
        39.99
      </span>
      <a
        className="BuyButton__BuyButtonContainer-sc-1fz6kqp-0 XtTgO"
      >
        Ver Produto
      </a>
    </div>
  </div>
  <div
    className="Product__ProductContainer-ih45b-0 gWEsFg"
    onClick={[Function]}
    onMouseEnter={[Function]}
  >
    <div
      className="prodImg"
    />
    <div
      className="prodInfoContainer"
    >
      <span
        className="prodShortLabel"
      >
        16
         -
        Lock and Love Women's Removable Hooded Faux Leather Moto Biker Ja...
      </span>
      <span
        className="prodPrice"
      >
        R$ 
        29.95
      </span>
      <a
        className="BuyButton__BuyButtonContainer-sc-1fz6kqp-0 XtTgO"
      >
        Ver Produto
      </a>
    </div>
  </div>
  <div
    className="Product__ProductContainer-ih45b-0 cpGTCy"
    onClick={[Function]}
    onMouseEnter={[Function]}
  >
    <div
      className="prodImg"
    />
    <div
      className="prodInfoContainer"
    >
      <span
        className="prodShortLabel"
      >
        15
         -
        BIYLACLESEN Women's 3-in-1 Snowboard Jacket Winter Coats
      </span>
      <span
        className="prodPrice"
      >
        R$ 
        56.99
      </span>
      <a
        className="BuyButton__BuyButtonContainer-sc-1fz6kqp-0 XtTgO"
      >
        Ver Produto
      </a>
    </div>
  </div>
  <div
    className="Product__ProductContainer-ih45b-0 dDGDKP"
    onClick={[Function]}
    onMouseEnter={[Function]}
  >
    <div
      className="prodImg"
    />
    <div
      className="prodInfoContainer"
    >
      <span
        className="prodShortLabel"
      >
        14
         -
        Samsung 49-Inch CHG90 144Hz Curved Gaming Monitor (LC49HG90DMNXZA...
      </span>
      <span
        className="prodPrice"
      >
        R$ 
        999.99
      </span>
      <a
        className="BuyButton__BuyButtonContainer-sc-1fz6kqp-0 XtTgO"
      >
        Ver Produto
      </a>
    </div>
  </div>
  <div
    className="Product__ProductContainer-ih45b-0 locoqw"
    onClick={[Function]}
    onMouseEnter={[Function]}
  >
    <div
      className="prodImg"
    />
    <div
      className="prodInfoContainer"
    >
      <span
        className="prodShortLabel"
      >
        13
         -
        Acer SB220Q bi 21.5 inches Full HD (1920 x 1080) IPS Ultra-Thin
      </span>
      <span
        className="prodPrice"
      >
        R$ 
        599.00
      </span>
      <a
        className="BuyButton__BuyButtonContainer-sc-1fz6kqp-0 XtTgO"
      >
        Ver Produto
      </a>
    </div>
  </div>
  <div
    className="Product__ProductContainer-ih45b-0 exyWoW"
    onClick={[Function]}
    onMouseEnter={[Function]}
  >
    <div
      className="prodImg"
    />
    <div
      className="prodInfoContainer"
    >
      <span
        className="prodShortLabel"
      >
        12
         -
        WD 4TB Gaming Drive Works with Playstation 4 Portable External Ha...
      </span>
      <span
        className="prodPrice"
      >
        R$ 
        114.00
      </span>
      <a
        className="BuyButton__BuyButtonContainer-sc-1fz6kqp-0 XtTgO"
      >
        Ver Produto
      </a>
    </div>
  </div>
  <div
    className="Product__ProductContainer-ih45b-0 jQxxIf"
    onClick={[Function]}
    onMouseEnter={[Function]}
  >
    <div
      className="prodImg"
    />
    <div
      className="prodInfoContainer"
    >
      <span
        className="prodShortLabel"
      >
        11
         -
        Silicon Power 256GB SSD 3D NAND A55 SLC Cache Performance Boost S...
      </span>
      <span
        className="prodPrice"
      >
        R$ 
        109.00
      </span>
      <a
        className="BuyButton__BuyButtonContainer-sc-1fz6kqp-0 XtTgO"
      >
        Ver Produto
      </a>
    </div>
  </div>
  <div
    className="Product__ProductContainer-ih45b-0 kmqZRI"
    onClick={[Function]}
    onMouseEnter={[Function]}
  >
    <div
      className="prodImg"
    />
    <div
      className="prodInfoContainer"
    >
      <span
        className="prodShortLabel"
      >
        10
         -
        SanDisk SSD PLUS 1TB Internal SSD - SATA III 6 Gb/s
      </span>
      <span
        className="prodPrice"
      >
        R$ 
        109.00
      </span>
      <a
        className="BuyButton__BuyButtonContainer-sc-1fz6kqp-0 XtTgO"
      >
        Ver Produto
      </a>
    </div>
  </div>
  <div
    className="Product__ProductContainer-ih45b-0 dLJUWw"
    onClick={[Function]}
    onMouseEnter={[Function]}
  >
    <div
      className="prodImg"
    />
    <div
      className="prodInfoContainer"
    >
      <span
        className="prodShortLabel"
      >
        9
         -
        WD 2TB Elements Portable External Hard Drive - USB 3.0 
      </span>
      <span
        className="prodPrice"
      >
        R$ 
        64.00
      </span>
      <a
        className="BuyButton__BuyButtonContainer-sc-1fz6kqp-0 XtTgO"
      >
        Ver Produto
      </a>
    </div>
  </div>
  <div
    className="Product__ProductContainer-ih45b-0 eLrcjb"
    onClick={[Function]}
    onMouseEnter={[Function]}
  >
    <div
      className="prodImg"
    />
    <div
      className="prodInfoContainer"
    >
      <span
        className="prodShortLabel"
      >
        8
         -
        Pierced Owl Rose Gold Plated Stainless Steel Double
      </span>
      <span
        className="prodPrice"
      >
        R$ 
        10.99
      </span>
      <a
        className="BuyButton__BuyButtonContainer-sc-1fz6kqp-0 XtTgO"
      >
        Ver Produto
      </a>
    </div>
  </div>
  <div
    className="Product__ProductContainer-ih45b-0 erthYN"
    onClick={[Function]}
    onMouseEnter={[Function]}
  >
    <div
      className="prodImg"
    />
    <div
      className="prodInfoContainer"
    >
      <span
        className="prodShortLabel"
      >
        7
         -
        White Gold Plated Princess
      </span>
      <span
        className="prodPrice"
      >
        R$ 
        9.99
      </span>
      <a
        className="BuyButton__BuyButtonContainer-sc-1fz6kqp-0 XtTgO"
      >
        Ver Produto
      </a>
    </div>
  </div>
  <div
    className="Product__ProductContainer-ih45b-0 gzzBdt"
    onClick={[Function]}
    onMouseEnter={[Function]}
  >
    <div
      className="prodImg"
    />
    <div
      className="prodInfoContainer"
    >
      <span
        className="prodShortLabel"
      >
        6
         -
        Solid Gold Petite Micropave 
      </span>
      <span
        className="prodPrice"
      >
        R$ 
        168.00
      </span>
      <a
        className="BuyButton__BuyButtonContainer-sc-1fz6kqp-0 XtTgO"
      >
        Ver Produto
      </a>
    </div>
  </div>
  <div
    className="Product__ProductContainer-ih45b-0 hCZHUs"
    onClick={[Function]}
    onMouseEnter={[Function]}
  >
    <div
      className="prodImg"
    />
    <div
      className="prodInfoContainer"
    >
      <span
        className="prodShortLabel"
      >
        5
         -
        John Hardy Women's Legends Naga Gold & Silver Dragon Station Chai...
      </span>
      <span
        className="prodPrice"
      >
        R$ 
        695.00
      </span>
      <a
        className="BuyButton__BuyButtonContainer-sc-1fz6kqp-0 XtTgO"
      >
        Ver Produto
      </a>
    </div>
  </div>
  <div
    className="Product__ProductContainer-ih45b-0 kVSSpY"
    onClick={[Function]}
    onMouseEnter={[Function]}
  >
    <div
      className="prodImg"
    />
    <div
      className="prodInfoContainer"
    >
      <span
        className="prodShortLabel"
      >
        4
         -
        Mens Casual Slim Fit
      </span>
      <span
        className="prodPrice"
      >
        R$ 
        15.99
      </span>
      <a
        className="BuyButton__BuyButtonContainer-sc-1fz6kqp-0 XtTgO"
      >
        Ver Produto
      </a>
    </div>
  </div>
  <div
    className="Product__ProductContainer-ih45b-0 iGwcHC"
    onClick={[Function]}
    onMouseEnter={[Function]}
  >
    <div
      className="prodImg"
    />
    <div
      className="prodInfoContainer"
    >
      <span
        className="prodShortLabel"
      >
        3
         -
        Mens Cotton Jacket
      </span>
      <span
        className="prodPrice"
      >
        R$ 
        55.99
      </span>
      <a
        className="BuyButton__BuyButtonContainer-sc-1fz6kqp-0 XtTgO"
      >
        Ver Produto
      </a>
    </div>
  </div>
  <div
    className="Product__ProductContainer-ih45b-0 ecYjmh"
    onClick={[Function]}
    onMouseEnter={[Function]}
  >
    <div
      className="prodImg"
    />
    <div
      className="prodInfoContainer"
    >
      <span
        className="prodShortLabel"
      >
        2
         -
        Mens Casual Premium Slim Fit T-Shirts 
      </span>
      <span
        className="prodPrice"
      >
        R$ 
        22.30
      </span>
      <a
        className="BuyButton__BuyButtonContainer-sc-1fz6kqp-0 XtTgO"
      >
        Ver Produto
      </a>
    </div>
  </div>
  <div
    className="Product__ProductContainer-ih45b-0 kdEDnb"
    onClick={[Function]}
    onMouseEnter={[Function]}
  >
    <div
      className="prodImg"
    />
    <div
      className="prodInfoContainer"
    >
      <span
        className="prodShortLabel"
      >
        1
         -
        Fjallraven - Foldsack No. 1 Backpack, Fits 15 Laptops
      </span>
      <span
        className="prodPrice"
      >
        R$ 
        109.95
      </span>
      <a
        className="BuyButton__BuyButtonContainer-sc-1fz6kqp-0 XtTgO"
      >
        Ver Produto
      </a>
    </div>
  </div>
</div>
`;
